
> chess-max@1.0.0 build
> next build

Γû▓ Next.js 16.1.6 (Turbopack)
- Environments: .env

  Creating an optimized production build ...
Γ£ô Compiled successfully in 1959.2ms
  Running TypeScript ...
node.exe : Failed to compile.
At line:1 char:1
+ & "C:\Program 
Files\nodejs/node.exe" 
"C:\Users\harsh\AppData\Roaming\ ...
+ ~~~~~~~~~~~~~~~~~~~~~~~~~~~~~~~~~~~~
~~~~~~~~~~~~~~~~~~~~~~~~~~~~~~~~~
    + CategoryInfo          : NotSpec 
   ified: (Failed to compile.:String  
  ) [], RemoteException
    + FullyQualifiedErrorId : NativeC 
   ommandError
 

./src/components/layout/GameLayout.tsx
:90:19
Type error: 'setToast' is declared 
but its value is never read.

[0m [90m 88 |[39m     
[36mconst[39m 
[showImporter[33m,[39m 
setShowImporter] [33m=[39m 
useState([36mfalse[39m)[33m;[39m
 [90m 89 |[39m     [36mconst[39m 
[showHelp[33m,[39m setShowHelp] 
[33m=[39m 
useState([36mfalse[39m)[33m;[39m
[31m[1m>[22m[39m[90m 90 |[39m   
  [36mconst[39m [toast[33m,[39m 
setToast] [33m=[39m 
useState[33m<[39m[33mstring[39m 
[33m|[39m [36mnull[39m[33m>[39m(
[36mnull[39m)[33m;[39m
 [90m    |[39m                   
[31m[1m^[22m[39m
 [90m 91 |[39m     [36mconst[39m 
[selectedSquare[33m,[39m 
setSelectedSquare] [33m=[39m 
useState[33m<[39m[33mSquare[39m 
[33m|[39m [36mnull[39m[33m>[39m(
[36mnull[39m)[33m;[39m
 [90m 92 |[39m     [36mconst[39m 
[pendingPromotion[33m,[39m 
setPendingPromotion] [33m=[39m 
useState[33m<[39m{ 
[36mfrom[39m[33m:[39m 
[33mSquare[39m[33m;[39m 
to[33m:[39m [33mSquare[39m } 
[33m|[39m [36mnull[39m[33m>[39m(
[36mnull[39m)[33m;[39m
 [90m 93 |[39m[0m
Next.js build worker exited with 
code: 1 and signal: null
